{"ts":"2026-03-03T21:39:41.101Z","ok":true,"db_ok":true,"latency_ms":1,"source":"ops","meta":{"marker":"avail_1772573981101_kurgntenmqb"}}
{"ts":"2026-03-03T21:44:55.969Z","ok":true,"db_ok":true,"latency_ms":1,"source":"ops","meta":{"marker":"avail_1772574295969_8llg9kys47"}}
{"ts":"2026-03-04T04:05:48.910Z","ok":true,"db_ok":true,"latency_ms":1,"source":"ops","meta":{"marker":"avail_1772597148910_l82xu8s4gob"}}
{"ts":"2026-03-04T04:18:00.552Z","ok":true,"db_ok":true,"latency_ms":1,"source":"ops","meta":{"marker":"avail_1772597880552_ac23ab0t4op"}}
{"ts":"2026-03-04T04:18:42.112Z","ok":true,"db_ok":true,"latency_ms":1,"source":"ops","meta":{"marker":"avail_1772597922112_bsz21kesma6"}}
{"ts":"2026-03-04T04:19:20.113Z","ok":true,"db_ok":true,"latency_ms":1,"source":"ops","meta":{"marker":"avail_1772597960113_t4jmbx5ly"}}
{"ts":"2026-03-04T04:48:15.338Z","ok":true,"db_ok":true,"latency_ms":1,"source":"ops","meta":{"marker":"avail_1772599695338_c3d7dn42lai"}}
{"ts":"2026-03-04T04:57:18.935Z","ok":true,"db_ok":true,"latency_ms":1,"source":"ops","meta":{"marker":"avail_1772600238935_0xeugmuxzv4o"}}
{"ts":"2026-03-05T10:22:49.873Z","ok":true,"db_ok":true,"latency_ms":1,"source":"ops","meta":{"marker":"avail_1772706169873_9xxweijosbb"}}
{"ts":"2026-03-05T10:24:18.583Z","ok":true,"db_ok":true,"latency_ms":1,"source":"ops","meta":{"marker":"avail_1772706258583_qi47dfg0e8"}}
{"ts":"2026-03-05T11:29:48.546Z","ok":true,"db_ok":true,"latency_ms":1,"source":"ops","meta":{"marker":"avail_1772710188546_3i4f7y75j9g"}}
{"ts":"2026-03-05T11:30:57.331Z","ok":true,"db_ok":true,"latency_ms":1,"source":"ops","meta":{"marker":"avail_1772710257331_rr34hr278ri"}}
{"ts":"2026-03-05T12:04:12.714Z","ok":true,"db_ok":true,"latency_ms":1,"source":"ops","meta":{"marker":"avail_1772712252714_5zso34wxk0q"}}
{"ts":"2026-03-05T18:43:52.719Z","ok":true,"db_ok":true,"latency_ms":1,"source":"ops","meta":{"marker":"avail_1772736232719_lk2q1wwx7cc"}}
{"ts":"2026-03-05T18:45:59.793Z","ok":true,"db_ok":true,"latency_ms":1,"source":"ops","meta":{"marker":"avail_1772736359793_tb37bui9pg"}}
{"ts":"2026-03-05T18:54:16.266Z","ok":true,"db_ok":true,"latency_ms":1,"source":"ops","meta":{"marker":"avail_1772736856266_xwvlyayzfx"}}
{"ts":"2026-03-05T19:10:51.305Z","ok":true,"db_ok":true,"latency_ms":1,"source":"ops","meta":{"marker":"avail_1772737851304_8yn4uvpu0eo"}}
{"ts":"2026-03-06T11:17:41.893Z","ok":true,"db_ok":true,"latency_ms":1,"source":"ops","meta":{"marker":"avail_1772795861893_ljs04awb7t"}}
{"ts":"2026-03-06T11:38:07.005Z","ok":true,"db_ok":true,"latency_ms":1,"source":"ops","meta":{"marker":"avail_1772797087005_6dsswu1205q"}}
{"ts":"2026-03-06T11:47:27.957Z","ok":true,"db_ok":true,"latency_ms":1,"source":"ops","meta":{"marker":"avail_1772797647957_kt6cosieqd"}}
{"ts":"2026-03-06T11:53:20.150Z","ok":true,"db_ok":true,"latency_ms":1,"source":"ops","meta":{"marker":"avail_1772798000150_qjz4x453ozg"}}
{"ts":"2026-03-06T11:59:12.085Z","ok":true,"db_ok":true,"latency_ms":1,"source":"ops","meta":{"marker":"avail_1772798352085_crkep6npcr9"}}
{"ts":"2026-03-06T12:07:26.896Z","ok":true,"db_ok":true,"latency_ms":1,"source":"ops","meta":{"marker":"avail_1772798846896_8hms658oa6m"}}
{"ts":"2026-03-06T12:07:52.950Z","ok":true,"db_ok":true,"latency_ms":1,"source":"ops","meta":{"marker":"avail_1772798872950_xxbx9d5nmvj"}}
